###############################################################################
#
# IAR ELF Linker V9.10.1.308/W64 for ARM                  30/Dec/2023  19:29:48
# Copyright 2007-2021 IAR Systems AB.
#
#    Output file  =  D:\senior_1\embedded\test_fume\Debug\Exe\fumeee.out
#    Map file     =  D:\senior_1\embedded\test_fume\Debug\List\fumeee.map
#    Command line =
#        -f D:\senior_1\embedded\test_fume\Debug\Exe\fumeee.out.rsp
#        (D:\senior_1\embedded\test_fume\Debug\Obj\bluetooth.o
#        D:\senior_1\embedded\test_fume\Debug\Obj\DIO.o
#        D:\senior_1\embedded\test_fume\Debug\Obj\fume.o
#        D:\senior_1\embedded\test_fume\Debug\Obj\magnetic.o
#        D:\senior_1\embedded\test_fume\Debug\Obj\main.o
#        D:\senior_1\embedded\test_fume\Debug\Obj\startup_ewarm.o
#        D:\senior_1\embedded\test_fume\Debug\Obj\ultrasonic.o
#        --no_out_extension -o
#        D:\senior_1\embedded\test_fume\Debug\Exe\fumeee.out --redirect
#        _Printf=_PrintfFullNoMb --redirect _Scanf=_ScanfFullNoMb --map
#        D:\senior_1\embedded\test_fume\Debug\List\fumeee.map --config
#        "D:\IAR\IAR Systems\Embedded Workbench
#        9.0\arm\config\linker\TexasInstruments\TM4C123GH6.icf" --semihosting
#        D:\ti\TivaWare_C_Series-2.2.0.295\driverlib\ewarm\Exe\driverlib.a
#        --entry __iar_program_start --vfe --text_out locale)
#
###############################################################################

*******************************************************************************
*** MESSAGES
***

Warning[Lt009]: Inconsistent wchar_t size
            gpio.o(driverlib.a) and 5 other objects in driverlib.a have wchar_t
                      size 16 bits
            bluetooth.o and 24 other objects, some of them in dl7M_tln.a and 11
                      other libraries have wchar_t size 32 bits


*******************************************************************************
*** RUNTIME MODEL ATTRIBUTES
***

CppFlavor       = *
__SystemLibrary = DLib
__dlib_version  = 6


*******************************************************************************
*** HEAP SELECTION
***

The basic heap was selected because no calls to memory allocation
functions were found in the application outside of system library
functions, and there are calls to deallocation functions in the
application.


*******************************************************************************
*** PLACEMENT SUMMARY
***

"A0":  place at address 0x0 { ro section .intvec };
"P1":  place in [from 0x0 to 0x3'ffff] { ro };
define block CSTACK with size = 4K, alignment = 8 { };
define block HEAP with size = 8K, alignment = 8 { };
"P2":  place in [from 0x2000'0000 to 0x2000'7fff] {
          rw, block CSTACK, block HEAP };
do not initialize { rw section .noinit };
initialize by copy { rw };

  Section            Kind         Address    Size  Object
  -------            ----         -------    ----  ------
"A0":                                       0x26c
  .intvec            const            0x0   0x26c  startup_ewarm.o [1]
                                  - 0x26c   0x26c

"P1":                                      0x2be0
  .text              ro code        0x26c   0xf16  xprintffull_nomb.o [2]
  .text              ro code       0x1182    0x2a  copy_init3.o [5]
  .text              ro code       0x11ac    0x16  strchr.o [5]
  .text              ro code       0x11c2    0x1a  xsnprout.o [2]
  .text              ro code       0x11dc    0x40  xfail_s.o [2]
  .text              ro code       0x121c    0x36  strlen.o [5]
  .text              ro code       0x1254    0x58  memchr.o [5]
  .text              ro code       0x12ac    0x76  ABImemcpy_unaligned.o [5]
  .text              ro code       0x1324    0x70  frexp.o [4]
  .text              ro code       0x1394    0x34  DblCmpLe.o [4]
  .text              ro code       0x13c8    0x34  DblCmpGe.o [4]
  .text              ro code       0x13fc   0x13a  ldexp.o [4]
  .text              ro code       0x1538    0x36  DblToS32.o [4]
  .text              ro code       0x1570    0x22  S32ToDbl.o [4]
  .text              ro code       0x1594   0x24e  DblAddSub.o [4]
  .text              ro code       0x17e4   0x246  DblDiv.o [4]
  .text              ro code       0x1a2c    0x22  DblToU32.o [4]
  .text              ro code       0x1a50    0x1c  U32ToDbl.o [4]
  .text              ro code       0x1a6c   0x1aa  DblMul.o [4]
  .text              ro code       0x1c18   0x230  I64DivMod.o [5]
  .text              ro code       0x1e48     0x6  abort.o [2]
  .text              ro code       0x1e50     0x2  I64DivZer.o [5]
  .text              ro code       0x1e54    0x14  exit.o [6]
  .text              ro code       0x1e68   0x530  gpio.o [3]
  .text              ro code       0x2398    0xa0  interrupt.o [3]
  .text              ro code       0x2438   0x20c  sysctl.o [3]
  .text              ro code       0x2644   0x110  ultrasonic.o [1]
  .text              ro code       0x2754    0x90  timer.o [3]
  .text              ro code       0x27e4     0x8  abs.o [2]
  .text              ro code       0x27ec    0x68  DblToFlt.o [4]
  .text              ro code       0x2854   0x108  magnetic.o [1]
  .text              ro code       0x295c    0x6c  bluetooth.o [1]
  .text              ro code       0x29c8    0x92  uart.o [3]
  .text              ro code       0x2a5c    0xe8  main.o [1]
  .text              ro code       0x2b44    0x7c  DIO.o [1]
  .text              ro code       0x2bc0    0xc8  fume.o [1]
  .text              ro code       0x2c88    0x44  snprintf.o [2]
  .text              ro code       0x2ccc    0x38  zero_init3.o [5]
  .text              ro code       0x2d04    0x28  data_init.o [5]
  .rodata            const         0x2d2c    0x24  main.o [1]
  .text              ro code       0x2d50    0x22  fpinit_M.o [4]
  .iar.init_table    const         0x2d74    0x24  - Linker created -
  .text              ro code       0x2d98    0x1e  startup_ewarm.o [1]
  .text              ro code       0x2db8    0x1c  cstartup_M.o [5]
  .text              ro code       0x2dd4    0x1e  cmain.o [5]
  .text              ro code       0x2df2     0x4  low_level_init.o [2]
  .text              ro code       0x2df6     0x4  exit.o [2]
  .text              ro code       0x2dfc     0xa  cexit.o [5]
  .rodata            const         0x2e08    0x18  fume.o [1]
  .rodata            const         0x2e20    0x18  magnetic.o [1]
  .rodata            const         0x2e38    0x10  magnetic.o [1]
  Initializer bytes  const         0x2e48     0x4  <for P2-1>
  .rodata            const         0x2e4c     0x0  zero_init3.o [5]
  .rodata            const         0x2e4c     0x0  copy_init3.o [5]
                                 - 0x2e4c  0x2be0

"P2", part 1 of 3:                            0x4
  P2-1                        0x2000'0000     0x4  <Init block>
    .data            inited   0x2000'0000     0x4  main.o [1]
                            - 0x2000'0004     0x4

"P2", part 2 of 3:                          0x66c
  VTABLE             zero     0x2000'0400   0x26c  interrupt.o [3]
  .bss               zero     0x2000'066c     0x4  xfail_s.o [2]
                            - 0x2000'0670   0x66c

"P2", part 3 of 3:                          0x100
  .noinit            uninit   0x2000'0670   0x100  startup_ewarm.o [1]
                            - 0x2000'0770   0x100

Unused ranges:

         From           To      Size
         ----           --      ----
       0x2e4c     0x3'ffff  0x3'd1b4
  0x2000'0770  0x2000'7fff    0x7890


*******************************************************************************
*** INIT TABLE
***

          Address      Size
          -------      ----
Zero (__iar_zero_init3)
    1 destination range, total size 0x270:
          0x2000'0400  0x270

Copy (__iar_copy_init3)
    1 source range, total size 0x4:
               0x2e48    0x4
    1 destination range, total size 0x4:
          0x2000'0000    0x4



*******************************************************************************
*** MODULE SUMMARY
***

    Module                 ro code  ro data  rw data
    ------                 -------  -------  -------
command line/config:
    ------------------------------------------------
    Total:

D:\senior_1\embedded\test_fume\Debug\Obj: [1]
    DIO.o                      124
    bluetooth.o                108
    fume.o                     200       24
    magnetic.o                 264       40
    main.o                     232       40        4
    startup_ewarm.o             30      620      256
    ultrasonic.o               272
    ------------------------------------------------
    Total:                   1'230      724      260

dl7M_tln.a: [2]
    abort.o                      6
    abs.o                        8
    exit.o                       4
    low_level_init.o             4
    snprintf.o                  68
    xfail_s.o                   64                 4
    xprintffull_nomb.o       3'862
    xsnprout.o                  26
    ------------------------------------------------
    Total:                   4'042                 4

driverlib.a: [3]
    gpio.o                   1'328
    interrupt.o                160               620
    sysctl.o                   524
    timer.o                    144
    uart.o                     146
    ------------------------------------------------
    Total:                   2'302               620

m7M_tls.a: [4]
    DblAddSub.o                590
    DblCmpGe.o                  52
    DblCmpLe.o                  52
    DblDiv.o                   582
    DblMul.o                   426
    DblToFlt.o                 104
    DblToS32.o                  54
    DblToU32.o                  34
    S32ToDbl.o                  34
    U32ToDbl.o                  28
    fpinit_M.o                  34
    frexp.o                    112
    ldexp.o                    314
    ------------------------------------------------
    Total:                   2'416

rt7M_tl.a: [5]
    ABImemcpy_unaligned.o      118
    I64DivMod.o                560
    I64DivZer.o                  2
    cexit.o                     10
    cmain.o                     30
    copy_init3.o                42
    cstartup_M.o                28
    data_init.o                 40
    memchr.o                    88
    strchr.o                    22
    strlen.o                    54
    zero_init3.o                56
    ------------------------------------------------
    Total:                   1'050

shb_l.a: [6]
    exit.o                      20
    ------------------------------------------------
    Total:                      20

    Gaps                        28        4    1'020
    Linker created                       36
----------------------------------------------------
    Grand Total:            11'088      764    1'904


*******************************************************************************
*** ENTRY LIST
***

Entry                       Address   Size  Type      Object
-----                       -------   ----  ----      ------
.iar.init_table$$Base        0x2d74          --   Gb  - Linker created -
.iar.init_table$$Limit       0x2d98          --   Gb  - Linker created -
?main                        0x2dd5         Code  Gb  cmain.o [5]
DIO_Init                     0x2b45   0x4c  Code  Gb  DIO.o [1]
DIO_ReadPin                  0x2b91    0xe  Code  Gb  DIO.o [1]
FaultISR                     0x2db3    0x2  Code  Lc  startup_ewarm.o [1]
FumeSensorIntHandler         0x2c11   0x68  Code  Gb  fume.o [1]
GPIODirModeSet               0x1ea9   0x28  Code  Gb  gpio.o [3]
GPIOIntClear                 0x2097    0x6  Code  Gb  gpio.o [3]
GPIOIntEnable                0x2091    0x6  Code  Gb  gpio.o [3]
GPIOIntRegister              0x209d   0x14  Code  Gb  gpio.o [3]
GPIOIntTypeSet               0x1ed1   0x4c  Code  Gb  gpio.o [3]
GPIOPadConfigSet             0x1f1d  0x174  Code  Gb  gpio.o [3]
GPIOPinConfigure             0x211d   0x38  Code  Gb  gpio.o [3]
GPIOPinRead                  0x20b9    0x6  Code  Gb  gpio.o [3]
GPIOPinTypeGPIOInput         0x20c9   0x14  Code  Gb  gpio.o [3]
GPIOPinTypeGPIOOutput        0x20dd    0xa  Code  Gb  gpio.o [3]
GPIOPinTypeUART              0x2101   0x14  Code  Gb  gpio.o [3]
GPIOPinWrite                 0x20bf    0x6  Code  Gb  gpio.o [3]
IntDefaultHandler            0x2db5    0x2  Code  Lc  startup_ewarm.o [1]
IntEnable                    0x23bf   0x56  Code  Gb  interrupt.o [3]
IntRegister                  0x2399   0x26  Code  Gb  interrupt.o [3]
MagneticSensorIntHandler
                             0x28b9   0x90  Code  Gb  magnetic.o [1]
NmiSR                        0x2db1    0x2  Code  Lc  startup_ewarm.o [1]
Region$$Table$$Base          0x2d74          --   Gb  - Linker created -
Region$$Table$$Limit         0x2d98          --   Gb  - Linker created -
ResetISR                     0x2d99   0x14  Code  Gb  startup_ewarm.o [1]
SysCtlClockGet               0x2499  0x110  Code  Gb  sysctl.o [3]
SysCtlDelay                  0x2491    0x8  Code  Gb  sysctl.o [3]
SysCtlPeripheralDisable
                             0x2475    0x8  Code  Gb  sysctl.o [3]
SysCtlPeripheralEnable       0x2459    0x8  Code  Gb  sysctl.o [3]
SysCtlPeripheralReady        0x2439    0x8  Code  Gb  sysctl.o [3]
TimerConfigure               0x2761   0x52  Code  Gb  timer.o [3]
TimerEnable                  0x2755    0xc  Code  Gb  timer.o [3]
TimerLoadSet                 0x27c5   0x10  Code  Gb  timer.o [3]
TimerValueGet                0x27d5    0xa  Code  Gb  timer.o [3]
UARTCharPut                  0x2a51    0xa  Code  Gb  uart.o [3]
UARTConfigSetExpClk          0x29c9   0x4c  Code  Gb  uart.o [3]
UARTDisable                  0x2a2f   0x1e  Code  Gb  uart.o [3]
UARTEnable                   0x2a15   0x1a  Code  Gb  uart.o [3]
UART_init                    0x295d   0x3c  Code  Gb  bluetooth.o [1]
_GPIOIntNumberGet            0x1e69   0x40  Code  Lc  gpio.o [3]
_LitobFullNoMb                0xf89  0x10c  Code  Lc  xprintffull_nomb.o [2]
_PrintfFullNoMb               0x26d  0xcec  Code  Gb  xprintffull_nomb.o [2]
_PutcharFullNoMb             0x10ed   0x20  Code  Lc  xprintffull_nomb.o [2]
_PutcharsFullNoMb            0x110d   0x2e  Code  Lc  xprintffull_nomb.o [2]
_SNProut                     0x11c3   0x1a  Code  Gb  xsnprout.o [2]
__aeabi_cdcmple              0x1395         Code  Gb  DblCmpLe.o [4]
__aeabi_cdrcmple             0x13c9         Code  Gb  DblCmpGe.o [4]
__aeabi_d2f                  0x27ed         Code  Gb  DblToFlt.o [4]
__aeabi_d2iz                 0x1539         Code  Gb  DblToS32.o [4]
__aeabi_d2uiz                0x1a2d         Code  Gb  DblToU32.o [4]
__aeabi_ddiv                 0x17e5         Code  Gb  DblDiv.o [4]
__aeabi_dmul                 0x1a6d         Code  Gb  DblMul.o [4]
__aeabi_dsub                 0x1701         Code  Gb  DblAddSub.o [4]
__aeabi_i2d                  0x1571         Code  Gb  S32ToDbl.o [4]
__aeabi_ldiv0                0x1e51         Code  Gb  I64DivZer.o [5]
__aeabi_ui2d                 0x1a51         Code  Gb  U32ToDbl.o [4]
__aeabi_uldivmod             0x1c19         Code  Gb  I64DivMod.o [5]
__cmain                      0x2dd5         Code  Gb  cmain.o [5]
__exit                       0x1e55   0x14  Code  Gb  exit.o [6]
__iar_Fail_s                 0x11dd   0x1c  Code  Gb  xfail_s.o [2]
__iar_Memchr                 0x1255         Code  Gb  memchr.o [5]
__iar_Strchr                 0x11ad         Code  Gb  strchr.o [5]
__iar_copy_init3             0x1183   0x2a  Code  Gb  copy_init3.o [5]
__iar_data_init3             0x2d05   0x28  Code  Gb  data_init.o [5]
__iar_frexp                  0x1331         Code  Gb  frexp.o [4]
__iar_frexpl                 0x1331         Code  Gb  frexp.o [4]
__iar_init_vfp               0x2d51         Code  Gb  fpinit_M.o [4]
__iar_ldexp64                0x13fd         Code  Gb  ldexp.o [4]
__iar_program_start          0x2db9         Code  Gb  cstartup_M.o [5]
__iar_scalbln64              0x13fd         Code  Gb  ldexp.o [4]
__iar_scalbn64               0x13fd         Code  Gb  ldexp.o [4]
__iar_softfp___iar_frexp64
                             0x1325         Code  Gb  frexp.o [4]
__iar_softfp_frexp           0x1325         Code  Gb  frexp.o [4]
__iar_softfp_frexpl          0x1325         Code  Gb  frexp.o [4]
__iar_unaligned_memcpy       0x12ad         Code  Gb  ABImemcpy_unaligned.o [5]
__iar_unaligned_memcpy4
                             0x12cd         Code  Gb  ABImemcpy_unaligned.o [5]
__iar_unaligned_memcpy8
                             0x12cd         Code  Gb  ABImemcpy_unaligned.o [5]
__iar_zero_init3             0x2ccd   0x38  Code  Gb  zero_init3.o [5]
__low_level_init             0x2df3    0x4  Code  Gb  low_level_init.o [2]
__vector_table                  0x0  0x26c  Data  Gb  startup_ewarm.o [1]
_call_main                   0x2de1         Code  Gb  cmain.o [5]
_exit                        0x2dfd         Code  Gb  cexit.o [5]
abort                        0x1e49    0x6  Code  Gb  abort.o [2]
abs                          0x27e5    0x8  Code  Gb  abs.o [2]
door_distance           0x2000'0000    0x4  Data  Gb  main.o [1]
exit                         0x2df7    0x4  Code  Gb  exit.o [2]
fume_sensor_init             0x2bc1   0x38  Code  Gb  fume.o [1]
g_pfnRAMVectors         0x2000'0400  0x26c  Data  Lc  interrupt.o [3]
g_ppui32GPIOIntMapBlizzard
                             0x2170   0xc0  Data  Lc  gpio.o [3]
g_ppui32GPIOIntMapSnowflake
                             0x2230   0xd8  Data  Lc  gpio.o [3]
g_pui32EnRegs                0x2424   0x14  Data  Lc  interrupt.o [3]
g_pui32GPIOBaseAddrs         0x2308   0x90  Data  Lc  gpio.o [3]
g_pui32Xtals                 0x25d8   0x6c  Data  Lc  sysctl.o [3]
ldexp                        0x13fd         Code  Gb  ldexp.o [4]
ldexpl                       0x13fd         Code  Gb  ldexp.o [4]
magnetic_sensor_deinit       0x288d   0x14  Code  Gb  magnetic.o [1]
magnetic_sensor_init         0x2855   0x38  Code  Gb  magnetic.o [1]
main                         0x2a5d   0xe8  Code  Gb  main.o [1]
memchr                       0x1255         Code  Gb  memchr.o [5]
pui32Stack              0x2000'0670  0x100  Data  Lc  startup_ewarm.o [1]
read_fume_sensor             0x2bf9   0x16  Code  Gb  fume.o [1]
read_magnetic_sensor         0x28a1   0x16  Code  Gb  magnetic.o [1]
scalbln                      0x13fd         Code  Gb  ldexp.o [4]
scalblnl                     0x13fd         Code  Gb  ldexp.o [4]
scalbn                       0x13fd         Code  Gb  ldexp.o [4]
scalbnl                      0x13fd         Code  Gb  ldexp.o [4]
scale                        0x1095   0x46  Code  Lc  xprintffull_nomb.o [2]
sec_hand                0x2000'066c    0x4  Data  Lc  xfail_s.o [2]
sendBluetoothData            0x2999   0x18  Code  Gb  bluetooth.o [1]
snprintf                     0x2c89   0x44  Code  Gb  snprintf.o [2]
softwareDelay                0x26a5    0xa  Code  Gb  ultrasonic.o [1]
strchr                       0x11ad         Code  Gb  strchr.o [5]
strlen                       0x121d         Code  Gb  strlen.o [5]
ultrasonic_calculate_distance
                             0x2707   0x3a  Code  Gb  ultrasonic.o [1]
ultrasonic_measure_pulse_echo
                             0x26cd   0x3a  Code  Gb  ultrasonic.o [1]
ultrasonic_sensor_deinit
                             0x2691   0x14  Code  Gb  ultrasonic.o [1]
ultrasonic_sensor_init       0x2645   0x4c  Code  Gb  ultrasonic.o [1]
ultrasonic_trigger_pulse
                             0x26af   0x1e  Code  Gb  ultrasonic.o [1]


[1] = D:\senior_1\embedded\test_fume\Debug\Obj
[2] = dl7M_tln.a
[3] = driverlib.a
[4] = m7M_tls.a
[5] = rt7M_tl.a
[6] = shb_l.a

  11'088 bytes of readonly  code memory
     764 bytes of readonly  data memory
   1'904 bytes of readwrite data memory

Errors: none
Warnings: 1
